[debug] [2026-05-29T14:28:16.115Z] ----------------------------------------------------------------------
[debug] [2026-05-29T14:28:16.116Z] Command:       /usr/local/bin/node /Users/canozdar/.npm/_npx/7750544ccf494d8b/node_modules/.bin/firebase deploy --only firestore:indexes,firestore:rules
[debug] [2026-05-29T14:28:16.116Z] CLI Version:   15.19.0
[debug] [2026-05-29T14:28:16.117Z] Platform:      darwin
[debug] [2026-05-29T14:28:16.117Z] Node Version:  v24.16.0
[debug] [2026-05-29T14:28:16.117Z] Time:          Fri May 29 2026 17:28:16 GMT+0300 (Türkiye Standard Time)
[debug] [2026-05-29T14:28:16.117Z] ----------------------------------------------------------------------
[debug] 
[debug] [2026-05-29T14:28:16.806Z] > command requires scopes: ["email","openid","https://www.googleapis.com/auth/cloudplatformprojects.readonly","https://www.googleapis.com/auth/firebase","https://www.googleapis.com/auth/cloud-platform"]
[debug] [2026-05-29T14:28:16.806Z] > authorizing via signed-in user (canozdar@gmail.com)
[debug] [2026-05-29T14:28:16.807Z] [iam] checking project rehberkpss for permissions ["datastore.indexes.create","datastore.indexes.delete","datastore.indexes.list","datastore.indexes.update","firebase.projects.get"]
[debug] [2026-05-29T14:28:16.807Z] Checked if tokens are valid: true, expires at: 1780068464474
[debug] [2026-05-29T14:28:16.807Z] Checked if tokens are valid: true, expires at: 1780068464474
[debug] [2026-05-29T14:28:16.807Z] >>> [apiv2][query] POST https://cloudresourcemanager.googleapis.com/v1/projects/rehberkpss:testIamPermissions [none]
[debug] [2026-05-29T14:28:16.807Z] >>> [apiv2][(partial)header] POST https://cloudresourcemanager.googleapis.com/v1/projects/rehberkpss:testIamPermissions  x-goog-user-project=rehberkpss
[debug] [2026-05-29T14:28:16.807Z] >>> [apiv2][body] POST https://cloudresourcemanager.googleapis.com/v1/projects/rehberkpss:testIamPermissions {"permissions":["datastore.indexes.create","datastore.indexes.delete","datastore.indexes.list","datastore.indexes.update","firebase.projects.get"]}
[debug] [2026-05-29T14:28:17.827Z] <<< [apiv2][status] POST https://cloudresourcemanager.googleapis.com/v1/projects/rehberkpss:testIamPermissions 200
[debug] [2026-05-29T14:28:17.827Z] <<< [apiv2][body] POST https://cloudresourcemanager.googleapis.com/v1/projects/rehberkpss:testIamPermissions {"permissions":["datastore.indexes.create","datastore.indexes.delete","datastore.indexes.list","datastore.indexes.update","firebase.projects.get"]}
[info] 
[info] === Deploying to 'rehberkpss'...
[info] 
[info] i  deploying firestore 
[info] i  firestore: ensuring required API firestore.googleapis.com is enabled... 
[debug] [2026-05-29T14:28:17.830Z] Checked if tokens are valid: true, expires at: 1780068464474
[debug] [2026-05-29T14:28:17.830Z] Checked if tokens are valid: true, expires at: 1780068464474
[debug] [2026-05-29T14:28:17.830Z] >>> [apiv2][query] GET https://serviceusage.googleapis.com/v1/projects/rehberkpss/services/firestore.googleapis.com [none]
[debug] [2026-05-29T14:28:17.830Z] >>> [apiv2][(partial)header] GET https://serviceusage.googleapis.com/v1/projects/rehberkpss/services/firestore.googleapis.com  x-goog-user-project=rehberkpss
